2024-10-12 11:41:38,014 - INFO - <START>
2024-10-12 11:41:38,014 - INFO - 尝试打开数据库文件：/Users/pengshintsz/Desktop/Eric/Stock/cnyes_news.db
2024-10-12 11:41:38,015 - INFO - 数据库连接成功并确保表存在
2024-10-12 11:41:38,015 - INFO - 数据库路径设置为：/Users/pengshintsz/Desktop/Eric/Stock/cnyes_news.db
2024-10-12 11:41:38,425 - INFO - 已将 30 条新闻加载到 /Users/pengshintsz/Desktop/Eric/Stock/cnyes_news.csv
2024-10-12 11:41:38,428 - INFO - 成功将 30 条新闻加载到 SQLite 数据库 /Users/pengshintsz/Desktop/Eric/Stock/cnyes_news.db
2024-10-12 11:41:38,428 - INFO - ETL流程完成
2024-10-12 11:41:38,437 - ERROR - 运行过程中发生错误: name 'logger' is not defined
2024-10-12 11:41:38,437 - INFO - <END>
2024-10-12 11:45:01,861 - INFO - <START>
2024-10-12 11:45:01,861 - INFO - 尝试打开数据库文件：/Users/pengshintsz/Desktop/Eric/Stock/cnyes_news.db
2024-10-12 11:45:01,864 - INFO - 数据库连接成功并确保表存在
2024-10-12 11:45:01,864 - INFO - 数据库路径设置为：/Users/pengshintsz/Desktop/Eric/Stock/cnyes_news.db
2024-10-12 11:45:02,263 - INFO - 已将 30 条新闻加载到 /Users/pengshintsz/Desktop/Eric/Stock/cnyes_news.csv
2024-10-12 11:45:02,267 - INFO - 成功将 30 条新闻加载到 SQLite 数据库 /Users/pengshintsz/Desktop/Eric/Stock/cnyes_news.db
2024-10-12 11:45:02,267 - INFO - ETL流程完成
2024-10-12 11:45:02,278 - ERROR - 运行过程中发生错误: name 'logger' is not defined
2024-10-12 11:45:02,279 - INFO - <END>
2024-10-12 11:48:36,730 - INFO - 数据库路径设置为：/Users/pengshintsz/Desktop/Eric/Stock/cnyes_news.db
2024-10-12 11:48:37,140 - INFO - 已将 30 条新闻加载到 cnyes_news.csv
2024-10-12 11:48:37,146 - INFO - 成功将 30 条新闻加载到 SQLite 数据库 /Users/pengshintsz/Desktop/Eric/Stock/cnyes_news.db
2024-10-12 11:48:37,146 - INFO - ETL流程完成
2024-10-12 11:48:51,146 - INFO - <START>
2024-10-12 11:48:51,147 - INFO - 尝试打开数据库文件：/Users/pengshintsz/Desktop/Eric/Stock/cnyes_news.db
2024-10-12 11:48:51,149 - INFO - 数据库连接成功并确保表存在
2024-10-12 11:48:51,149 - INFO - 数据库路径设置为：/Users/pengshintsz/Desktop/Eric/Stock/cnyes_news.db
2024-10-12 11:48:51,503 - INFO - 已将 30 条新闻加载到 /Users/pengshintsz/Desktop/Eric/Stock/cnyes_news.csv
2024-10-12 11:48:51,506 - INFO - 成功将 30 条新闻加载到 SQLite 数据库 /Users/pengshintsz/Desktop/Eric/Stock/cnyes_news.db
2024-10-12 11:48:51,506 - INFO - ETL流程完成
2024-10-12 11:48:51,521 - ERROR - 运行过程中发生错误: name 'logger' is not defined
2024-10-12 11:48:51,521 - INFO - <END>
2024-10-12 11:56:27,793 - INFO - <START>
2024-10-12 11:56:27,794 - INFO - 尝试打开数据库文件：/Users/pengshintsz/Desktop/Eric/Stock/cnyes_news.db
2024-10-12 11:56:27,796 - INFO - 数据库连接成功并确保表存在
2024-10-12 11:56:27,796 - INFO - 数据库路径设置为：/Users/pengshintsz/Desktop/Eric/Stock/cnyes_news.db
2024-10-12 11:56:28,178 - INFO - 已将 30 条新闻加载到 /Users/pengshintsz/Desktop/Eric/Stock/cnyes_news.csv
2024-10-12 11:56:28,184 - INFO - 成功将 30 条新闻加载到 SQLite 数据库 /Users/pengshintsz/Desktop/Eric/Stock/cnyes_news.db
2024-10-12 11:56:28,184 - INFO - ETL流程完成
2024-10-12 11:56:28,200 - ERROR - 运行过程中发生错误: name 'logger' is not defined
2024-10-12 11:56:28,200 - INFO - <END>
2024-10-12 12:04:12,371 - INFO - 数据库路径设置为：/Users/pengshintsz/Desktop/Eric/Stock/cnyes_news.db
2024-10-12 12:05:31,773 - INFO - 数据库路径设置为：/Users/pengshintsz/Desktop/Eric/Stock/cnyes_news.db
2024-10-12 12:05:31,774 - INFO - 创建Store目录：/Users/pengshintsz/Desktop/Eric/Stock/Store
2024-10-12 12:05:32,134 - INFO - 原始数据已保存到 /Users/pengshintsz/Desktop/Eric/Stock/Store/Raw_data.csv
2024-10-12 12:05:32,136 - INFO - 已将 30 条新闻加载到 /Users/pengshintsz/Desktop/Eric/Stock/Store/cnyes_news.csv
2024-10-12 12:05:32,143 - INFO - 成功将 30 条新闻加载到 SQLite 数据库 /Users/pengshintsz/Desktop/Eric/Stock/cnyes_news.db
2024-10-12 12:05:32,143 - INFO - ETL流程完成
2024-10-12 12:09:47,579 - INFO - 数据库路径设置为：/Users/pengshintsz/Desktop/Eric/Stock/Store/cnyes_news.db
2024-10-12 12:09:47,579 - INFO - 创建Store目录：/Users/pengshintsz/Desktop/Eric/Stock/Store
2024-10-12 12:09:48,206 - INFO - 原始数据已保存到 /Users/pengshintsz/Desktop/Eric/Stock/Store/Raw_data.csv
2024-10-12 12:09:48,208 - INFO - 已将 30 条新闻加载到 /Users/pengshintsz/Desktop/Eric/Stock/Store/cnyes_news.csv
2024-10-12 12:09:48,210 - ERROR - 数据库操作失败：no such table: news
2024-10-12 12:11:15,033 - INFO - <START>
2024-10-12 12:11:15,033 - INFO - 数据库路径设置为：/Users/pengshintsz/Desktop/Eric/Stock/Store/cnyes_news.db
2024-10-12 12:11:15,033 - INFO - 数据库路径设置为：/Users/pengshintsz/Desktop/Eric/Stock/Store/cnyes_news.db
2024-10-12 12:11:15,455 - INFO - 原始数据已保存到 /Users/pengshintsz/Desktop/Eric/Stock/Store/Raw_data.csv
2024-10-12 12:11:15,458 - INFO - 已将 30 条新闻加载到 /Users/pengshintsz/Desktop/Eric/Stock/Store/cnyes_news.csv
2024-10-12 12:11:15,461 - ERROR - 数据库操作失败：no such table: news
2024-10-12 12:11:15,461 - ERROR - 运行过程中发生错误: no such table: news
2024-10-12 12:11:15,461 - INFO - <END>
2024-10-12 12:12:21,072 - INFO - <START>
2024-10-12 12:12:21,072 - INFO - 数据库路径设置为：/Users/pengshintsz/Desktop/Eric/Stock/Store/cnyes_news.db
2024-10-12 12:12:21,073 - INFO - 创建Store目录：/Users/pengshintsz/Desktop/Eric/Stock/Store
2024-10-12 12:12:21,073 - INFO - 数据库路径设置为：/Users/pengshintsz/Desktop/Eric/Stock/Store/cnyes_news.db
2024-10-12 12:12:21,494 - INFO - 原始数据已保存到 /Users/pengshintsz/Desktop/Eric/Stock/Store/Raw_data.csv
2024-10-12 12:12:21,497 - INFO - 已将 30 条新闻加载到 /Users/pengshintsz/Desktop/Eric/Stock/Store/cnyes_news.csv
2024-10-12 12:12:21,500 - ERROR - 数据库操作失败：no such table: news
2024-10-12 12:12:21,500 - ERROR - 运行过程中发生错误: no such table: news
2024-10-12 12:12:21,500 - INFO - <END>
2024-10-12 12:13:50,607 - INFO - <START>
2024-10-12 12:13:50,607 - INFO - 数据库路径设置为：/Users/pengshintsz/Desktop/Eric/Stock/Store/cnyes_news.db
2024-10-12 12:13:50,607 - INFO - 数据库路径设置为：/Users/pengshintsz/Desktop/Eric/Stock/Store/cnyes_news.db
2024-10-12 12:13:50,968 - INFO - 原始数据已保存到 /Users/pengshintsz/Desktop/Eric/Stock/Store/Raw_data.csv
2024-10-12 12:13:50,970 - INFO - 已将 30 条新闻加载到 /Users/pengshintsz/Desktop/Eric/Stock/Store/cnyes_news.csv
2024-10-12 12:13:50,973 - ERROR - 数据库操作失败：no such table: news
2024-10-12 12:13:50,973 - ERROR - 运行过程中发生错误: no such table: news
2024-10-12 12:13:50,974 - INFO - <END>
2024-10-12 12:13:50,974 - INFO - 数据库路径设置为：/Users/pengshintsz/Desktop/Eric/Stock/Store/cnyes_news.db
2024-10-12 12:13:50,974 - ERROR - 检查数据库时发生错误: no such table: news
2024-10-12 12:15:41,155 - INFO - 数据库路径设置为：/Users/pengshintsz/Desktop/Eric/Stock/cnyes_news.db
2024-10-12 12:15:41,155 - INFO - 创建Store目录：/Users/pengshintsz/Desktop/Eric/Stock/Store
2024-10-12 12:15:41,589 - INFO - 原始数据已保存到 /Users/pengshintsz/Desktop/Eric/Stock/Store/Raw_data.csv
2024-10-12 12:15:41,592 - INFO - 已将 30 条新闻加载到 /Users/pengshintsz/Desktop/Eric/Stock/Store/cnyes_news.csv
2024-10-12 12:15:41,601 - INFO - 成功将 30 条新闻加载到 SQLite 数据库 /Users/pengshintsz/Desktop/Eric/Stock/cnyes_news.db
2024-10-12 12:15:41,601 - INFO - ETL流程完成
2024-10-12 14:24:16,638 - INFO - 数据库路径设置为：/Users/pengshintsz/Desktop/Eric/Stock/Store/cnyes_news.db
2024-10-12 14:24:16,817 - INFO - 原始数据已保存到 /Users/pengshintsz/Desktop/Eric/Stock/Store/Raw_data.csv
2024-10-12 14:24:16,820 - INFO - 已将 30 条新闻加载到 /Users/pengshintsz/Desktop/Eric/Stock/Store/cnyes_news.csv
2024-10-12 14:24:16,824 - INFO - 成功将 30 条新闻加载到 SQLite 数据库 /Users/pengshintsz/Desktop/Eric/Stock/Store/cnyes_news.db
2024-10-12 14:24:16,824 - INFO - ETL流程完成
2024-10-12 14:24:29,170 - INFO - <START>
2024-10-12 14:24:29,170 - INFO - 数据库路径设置为：/Users/pengshintsz/Desktop/Eric/Stock/Store/cnyes_news.db
2024-10-12 14:24:29,170 - INFO - 尝试打开数据库文件：/Users/pengshintsz/Desktop/Eric/Stock/cnyes_news.db
2024-10-12 14:24:29,172 - INFO - 数据库连接成功并确保表存在
2024-10-12 14:24:29,172 - INFO - 数据库路径设置为：/Users/pengshintsz/Desktop/Eric/Stock/Store/cnyes_news.db
2024-10-12 14:24:29,277 - INFO - 原始数据已保存到 /Users/pengshintsz/Desktop/Eric/Stock/Store/Raw_data.csv
2024-10-12 14:24:29,279 - INFO - 已将 30 条新闻加载到 /Users/pengshintsz/Desktop/Eric/Stock/Store/cnyes_news.csv
2024-10-12 14:24:29,282 - INFO - 成功将 30 条新闻加载到 SQLite 数据库 /Users/pengshintsz/Desktop/Eric/Stock/Store/cnyes_news.db
2024-10-12 14:24:29,282 - INFO - ETL流程完成
2024-10-12 14:24:29,288 - ERROR - 运行过程中发生错误: name 'logger' is not defined
2024-10-12 14:24:29,288 - INFO - <END>
2024-10-12 14:24:42,808 - INFO - <START>
2024-10-12 14:24:42,808 - INFO - 数据库路径设置为：/Users/pengshintsz/Desktop/Eric/Stock/Store/cnyes_news.db
2024-10-12 14:24:42,808 - INFO - 尝试打开数据库文件：/Users/pengshintsz/Desktop/Eric/Stock/cnyes_news.db
2024-10-12 14:24:42,808 - INFO - 数据库连接成功并确保表存在
2024-10-12 14:24:42,809 - INFO - 数据库路径设置为：/Users/pengshintsz/Desktop/Eric/Stock/Store/cnyes_news.db
2024-10-12 14:24:43,061 - INFO - 原始数据已保存到 /Users/pengshintsz/Desktop/Eric/Stock/Store/Raw_data.csv
2024-10-12 14:24:43,063 - INFO - 已将 30 条新闻加载到 /Users/pengshintsz/Desktop/Eric/Stock/Store/cnyes_news.csv
2024-10-12 14:24:43,066 - INFO - 成功将 30 条新闻加载到 SQLite 数据库 /Users/pengshintsz/Desktop/Eric/Stock/Store/cnyes_news.db
2024-10-12 14:24:43,066 - INFO - ETL流程完成
2024-10-12 14:24:43,076 - ERROR - 运行过程中发生错误: name 'logger' is not defined
2024-10-12 14:24:43,076 - INFO - <END>
2024-10-12 14:28:54,569 - INFO - <START>
2024-10-12 14:28:54,569 - INFO - 创建Store目录：/Users/pengshintsz/Desktop/Eric/Stock/Store
2024-10-12 14:28:54,569 - INFO - 数据库路径设置为：/Users/pengshintsz/Desktop/Eric/Stock/Store/cnyes_news.db
2024-10-12 14:28:54,569 - INFO - 数据库路径设置为：/Users/pengshintsz/Desktop/Eric/Stock/Store/cnyes_news.db
2024-10-12 14:28:54,780 - INFO - 原始数据已保存到 /Users/pengshintsz/Desktop/Eric/Stock/Store/Raw_data.csv
2024-10-12 14:28:54,782 - INFO - 已将 30 条新闻加载到 /Users/pengshintsz/Desktop/Eric/Stock/Store/cnyes_news.csv
2024-10-12 14:28:54,787 - INFO - 成功将 30 条新闻加载到 SQLite 数据库 /Users/pengshintsz/Desktop/Eric/Stock/Store/cnyes_news.db
2024-10-12 14:28:54,788 - INFO - ETL流程完成
2024-10-12 14:28:54,793 - ERROR - 运行过程中发生错误: name 'logger' is not defined
2024-10-12 14:28:54,793 - INFO - <END>
2024-10-12 14:44:31,232 - INFO - 数据库路径设置为：/Users/pengshintsz/Desktop/Eric/Stock/Store/cnyes_news.db
2024-10-12 14:44:31,496 - INFO - 原始数据已保存到 /Users/pengshintsz/Desktop/Eric/Stock/Store/Raw_data.csv
2024-10-12 14:44:31,499 - INFO - 已将 30 条新闻加载到 /Users/pengshintsz/Desktop/Eric/Stock/Store/cnyes_news.csv
2024-10-12 14:44:31,506 - INFO - 成功将 30 条新闻加载到 SQLite 数据库 /Users/pengshintsz/Desktop/Eric/Stock/Store/cnyes_news.db
2024-10-12 14:44:31,506 - INFO - ETL流程完成
2024-10-12 14:48:10,669 - INFO - 数据库路径设置为：/Users/pengshintsz/Desktop/Eric/Stock/Store/Transformed_data.db
2024-10-12 14:48:11,231 - INFO - 原始数据已保存到 /Users/pengshintsz/Desktop/Eric/Stock/Store/Raw_data.csv
2024-10-12 14:48:11,235 - INFO - 已将 30 条新闻加载到 /Users/pengshintsz/Desktop/Eric/Stock/Store/Transformed_data.csv
2024-10-12 14:48:11,239 - INFO - 成功将 30 条新闻加载到 SQLite 数据库 /Users/pengshintsz/Desktop/Eric/Stock/Store/Transformed_data.db
2024-10-12 14:48:11,239 - INFO - ETL流程完成
2024-10-12 14:50:05,329 - INFO - <START>
2024-10-12 14:50:05,330 - INFO - 创建Store目录：/Users/pengshintsz/Desktop/Eric/Stock/Store
2024-10-12 14:50:05,330 - INFO - 数据库路径设置为：/Users/pengshintsz/Desktop/Eric/Stock/Store/Transformed_data.db
2024-10-12 14:50:05,330 - INFO - 数据库路径设置为：/Users/pengshintsz/Desktop/Eric/Stock/Store/Transformed_data.db
2024-10-12 14:50:05,503 - INFO - 原始数据已保存到 /Users/pengshintsz/Desktop/Eric/Stock/Store/Raw_data.csv
2024-10-12 14:50:05,508 - INFO - 已将 30 条新闻加载到 /Users/pengshintsz/Desktop/Eric/Stock/Store/cnyes_news.csv
2024-10-12 14:50:05,513 - INFO - 成功将 30 条新闻加载到 SQLite 数据库 /Users/pengshintsz/Desktop/Eric/Stock/Store/Transformed_data.db
2024-10-12 14:50:05,513 - INFO - ETL流程完成
2024-10-12 14:50:05,518 - ERROR - 运行过程中发生错误: name 'logger' is not defined
2024-10-12 14:50:05,518 - INFO - <END>
2024-10-12 14:52:49,662 - INFO - <START>
2024-10-12 14:52:49,663 - INFO - 创建Store目录：/Users/pengshintsz/Desktop/Eric/Stock/Store
2024-10-12 14:52:49,663 - INFO - 数据库路径设置为：/Users/pengshintsz/Desktop/Eric/Stock/Store/Transformed_data.db
2024-10-12 14:52:49,663 - INFO - 数据库路径设置为：/Users/pengshintsz/Desktop/Eric/Stock/Store/Transformed_data.db
2024-10-12 14:52:49,854 - INFO - 原始数据已保存到 /Users/pengshintsz/Desktop/Eric/Stock/Store/Raw_data.csv
2024-10-12 14:52:49,858 - INFO - 已将 30 条新闻加载到 /Users/pengshintsz/Desktop/Eric/Stock/Store/Transformed_data.csv
2024-10-12 14:52:49,863 - INFO - 成功将 30 条新闻加载到 SQLite 数据库 /Users/pengshintsz/Desktop/Eric/Stock/Store/Transformed_data.db
2024-10-12 14:52:49,863 - INFO - ETL流程完成
2024-10-12 14:52:49,867 - ERROR - 运行过程中发生错误: name 'logger' is not defined
2024-10-12 14:52:49,867 - INFO - <END>
2024-10-13 16:10:22,806 - INFO - <START>
2024-10-13 16:10:22,806 - INFO - 数据库路径设置为：/Users/pengshintsz/Desktop/Eric/Stock/Store/Transformed_data.db
2024-10-13 16:10:22,806 - INFO - 数据库路径设置为：/Users/pengshintsz/Desktop/Eric/Stock/Store/Transformed_data.db
2024-10-13 16:10:23,205 - INFO - 原始数据已保存到 /Users/pengshintsz/Desktop/Eric/Stock/Store/Raw_data.csv
2024-10-13 16:10:23,210 - INFO - 已将 30 条新闻加载到 /Users/pengshintsz/Desktop/Eric/Stock/Store/Transformed_data.csv
2024-10-13 16:10:23,215 - INFO - 成功将 30 条新闻加载到 SQLite 数据库 /Users/pengshintsz/Desktop/Eric/Stock/Store/Transformed_data.db
2024-10-13 16:10:23,216 - INFO - ETL流程完成
2024-10-13 16:10:23,221 - ERROR - 运行过程中发生错误: name 'logger' is not defined
2024-10-13 16:10:23,221 - INFO - <END>2024-10-31 16:56:13,071 - INFO - <START>
2024-10-31 16:56:13,071 - INFO - 数据库路径设置为：/Users/pengshintsz/Desktop/Eric/Stock/Store/Transformed_data.db
2024-10-31 16:56:13,071 - INFO - 数据库路径设置为：/Users/pengshintsz/Desktop/Eric/Stock/Store/Transformed_data.db
2024-10-31 16:56:13,476 - INFO - 原始数据已保存到 /Users/pengshintsz/Desktop/Eric/Stock/Store/Raw_data.csv
2024-10-31 16:56:13,477 - ERROR - 运行过程中发生错误: argument of type 'NoneType' is not iterable
2024-10-31 16:56:13,477 - INFO - <END>
2024-10-31 17:00:29,138 - INFO - 数据库路径设置为：/Users/pengshintsz/Desktop/Eric/Stock/Store/Transformed_data.db
2024-10-31 17:00:29,530 - INFO - 原始数据已保存到 /Users/pengshintsz/Desktop/Eric/Stock/Store/Raw_data.csv
2024-10-31 17:03:20,234 - INFO - 数据库路径设置为：/Users/pengshintsz/Desktop/Eric/Stock/Store/Transformed_data.db
2024-10-31 17:03:20,593 - INFO - 原始数据已保存到 /Users/pengshintsz/Desktop/Eric/Stock/Store/Raw_data.csv
2024-10-31 17:03:20,597 - INFO - 已将 30 条新闻加载到 /Users/pengshintsz/Desktop/Eric/Stock/Store/Transformed_data.csv
2024-10-31 17:03:20,602 - INFO - 成功将 30 条新闻加载到 SQLite 数据库 /Users/pengshintsz/Desktop/Eric/Stock/Store/Transformed_data.db
2024-10-31 17:03:20,602 - INFO - ETL流程完成
2024-10-31 17:04:26,524 - INFO - <START>
2024-10-31 17:04:26,524 - INFO - 数据库路径设置为：/Users/pengshintsz/Desktop/Eric/Stock/Store/Transformed_data.db
2024-10-31 17:04:26,524 - INFO - 数据库路径设置为：/Users/pengshintsz/Desktop/Eric/Stock/Store/Transformed_data.db
2024-10-31 17:04:26,870 - INFO - 原始数据已保存到 /Users/pengshintsz/Desktop/Eric/Stock/Store/Raw_data.csv
2024-10-31 17:04:26,876 - INFO - 已将 30 条新闻加载到 /Users/pengshintsz/Desktop/Eric/Stock/Store/Transformed_data.csv
2024-10-31 17:04:26,882 - INFO - 成功将 30 条新闻加载到 SQLite 数据库 /Users/pengshintsz/Desktop/Eric/Stock/Store/Transformed_data.db
2024-10-31 17:04:26,882 - INFO - ETL流程完成
2024-10-31 17:04:26,892 - INFO - 成功读取 CSV 文件：/Users/pengshintsz/Desktop/Eric/Stock/Store/Transformed_data.csv
2024-10-31 17:04:26,893 - INFO - 数据分析开始:
2024-10-31 17:04:26,893 - INFO - 总行数: 120
2024-10-31 17:04:26,893 - INFO - 列名: newsId, url, title, content, summary, keyword, publishAt, categoryName, categoryId
2024-10-31 17:04:26,897 - INFO - 前5行数据:
    newsId                                     url                              title                                                                                                                                                                                                                                                                                                                                                                                                                                                                                                                                                                                                                                                                                                                                                                                                                                                                                                                                                                                                                                                                                                                                                                                                                                                                                                                                                                                                                                                                                                                                                                                                                                                                                                                                                                                                                                                                                                                                                                                                                                                                                                                                                                                                                                                                                                                                                                                                                 content                                                                                                              summary                                                     keyword            publishAt categoryName  categoryId
0  5740905  https://news.cnyes.com/news/id/5740905           熱門股聚鼎9月營收報喜 股價奔漲停創28個月新高                                                                                                                                                                                                                                                                                                                                                                                                                                                                                                                                                                                                                                                                                                                                                                                                                                                                                                                                                                                                                                                                                                                                                                                                                                                                                                                                                                                                                                                                                                                                                                                                                                                                                                                                                                                                                                                                                                                                                                                                                                                                                                       保護元件廠聚鼎 6224TW9 月營收報喜前 9 月營收重返成長軌道，周五股價直奔漲停 75.9 元，創 2022 年 7 月以來 28 個月新高，周漲 14。\n\n聚鼎 9 月營收 3.32 億元，月增 19.3年增 30.6，創歷史單月次高同期新高；累計前 9 月營收來到 21.64 億元，年增 1.2，由先前衰退轉為成長。\n\n據了解，聚鼎受惠元件產品出貨成長，今年以來營收表現逐步回升，加上美系客戶智慧手機新機上市，也推升公司 9 月營收大幅成長。\n\n此外，聚鼎轉投資的美國 TCLAD 產能瓶頸狀況改善虧損已明顯收斂，集團整合效益可望逐漸發酵，有助後續獲利表現。\n\n\n聚鼎日 K 線圖                                                                                         熱門股聚鼎 9 月營收報喜 股價奔漲停創 28 個月新高                                        ["聚鼎", "保護元件", "營收"]  2024-10-12 13:25:37         台股新聞         827
1  5740907  https://news.cnyes.com/news/id/5740907  企業瘦身！大摩：亞馬遜擬全球經理級別大裁員 明年初前裁撤1.4萬人                                                                                                                                                                                                                                                                                                                                                                                                                                                                                                                                                                                                                                                                                                                                                                                                                                                                                                                                                                                                                                                                                                                                                                                                                                                                                                                                                                                                                                                                                                                                                                                                                      近日，根據摩根士丹利的內部報告，亞馬遜 AMZNUS 計劃在 2025 年初前裁除約 1.4 萬名管理層人員。\n\n這一消息引發了廣泛的關注，尤其是在亞馬遜於 9 月 16 日宣布取消遠程工作WFH政策後，要求所有員工自 2025 年 1 月起全職回辦公室工作。許多人對這一變化感到擔憂，認為這可能預示著公司將進行更大規模的裁員。\n\n摩根士丹利的報告指出，亞馬遜每名管理者的年成本在 20 萬至 35 萬美元之間。亞馬遜此次很可能大幅縮編全球管理職人數，從目前的 10.57 萬人大幅減少至 9.19 萬人，因此每年可節省 21 億至 36 億美元，讓公司年營收提高 3 至 5。\n\n摩根士丹利認為，縮編不僅是為了降低成本，更是為了應對市場環境的變化，對亞馬遜整體營運有利，藉由精簡組織架構與層級，讓公司運作能加快腳步。\n\n亞馬遜執行長賈西Andy Jassy在內部備忘錄中提到，將提高個人貢獻者與管理者的比例，以簡化組織結構，消除多餘的管理層級，使公司運作更為高效。這一變革不僅是對內部管理的反思，也反映了公司對未來發展方向的重新思考。\n\n然而，這一裁員計畫恐重挫員工士氣，大規模裁員的消息可能會導致剩餘員工感到不安與不確定，進而影響公司整體生產力和創新能力。\n\n此外，裁員後，亞馬遜可能會將資源重新分配至初級職位的招聘上，這將為求職者提供新的機會。市場上已有消息指出，亞馬遜計劃在 2025 年前的幾個季度內加大對初級職位的招聘力度。\n\n最終，亞馬遜的裁員計畫不僅是公司內部的一次重大調整，也可能成為行業的風向標，影響未來的招聘與用人策略。在不斷變化的科技行業中，亞馬遜的這一決策將可能引發其他公司類似的行動，進一步加劇行業內的競爭與變革。如何在降低成本的同時保持員工的士氣，將是亞馬遜未來必須面對的重要挑戰。                                                                      近日，根據摩根士丹利的內部報告，亞馬遜計劃在 2025 年初前裁除約 1.4 萬名管理層人員。                                ["摩根士丹利", "裁員", "亞馬遜", "美股"]  2024-10-12 13:19:46         美股雷達         831
2  5740899  https://news.cnyes.com/news/id/5740899      馬斯克畫大餅 華爾街嚥不下！諸多質疑點 特斯拉股價重挫近9  特斯拉 TSLAUS 萬眾矚目的 Robotaxi 終於揭開神秘面紗，執行長馬斯克 Elon Musk 在這場自詡能載入史冊的活動中，他乘坐一輛名為 Cybercab 的無人駕駛計程車出場。該車型沒有方向盤和踏板，具備感應充電功能，預計在 2026 年投產，成本低於 3 萬美元。\n\n\n圖片來源：特斯拉官網\n\n\n此外，特斯拉還展示了一款可以容納 20 人的無人駕駛多功能車 Robovan。馬斯克還歡迎所有特斯拉車主加入共享車隊，形成龐大的服務營運網絡，這一系列創新被視為馬斯克的交通行業革命，然而華爾街對這一切的反應卻顯得冷淡。\n\nRobotaxi 的市場潛力與挑戰\n\n馬斯克在發表會上強調，Robotaxi 的使用率若能從目前的每週 10 小時提升至 100 小時，將大幅降低出行成本，預計為 0.2 美元每公里，在美國含稅與其他費用後約每公里 3040 美分，此親民價格將使得出行更加普及。\n\n無人駕駛貨運車 Robovan 的運輸成本可以降到 510 美分  英里。馬斯克表示，未來消費者可以購買 Cybercab，不僅可以滿足自身的出行需求，還能加入特斯拉 Robovan 服務網絡，讓 Cybercab 為車主賺錢。\n\n然而，儘管這個商業模式看似具有吸引力，但投資者的信心卻未能跟上。發表會後，特斯拉股價在美東時間周四盤前下跌近 7，最終重挫 8.78，收每股 217.80 美元，創下過去兩個月的最大跌幅，年內累積下滑超過 12，顯示出市場對其未來獲利能力的疑慮。\n\n華爾街的質疑聲\n\n1.Robotaxi 實際落地能力令人質疑，尤其是在中國市場\n\n華爾街對特斯拉的自動駕駛願景表現出明顯的懷疑。儘管馬斯克稱此次發表會是自 Model 3 以來最重要的時刻，但分析師們對 Robotaxi 的實際落地能力表示擔憂。特斯拉在自動駕駛技術上的進展仍需時間來驗證，尤其是在中國市場，FSD完全自動駕駛尚未落地，這使得 Robotaxi 的市場影響力受到限制。\n\n即使 FSD 在中國落地，特斯拉 Robotaxi 在中國短時間內仍難以帶來威脅，畢竟 FSD 需要時間收集資料。\n\n2. 中國出行服務市場已有霸主滴滴與眾多新創強者盤據\n\n此外，隨著中國出行服務市場的快速發展，滴滴等本土企業已在無人駕駛領域展開佈局。\n\n身為市場的領導者，滴滴出行在中國共享旅遊市場中佔有了重要地位。滴滴上半年財報顯示，2024 年上半年營收為 999.36 億元，較上年同期的 915.6 億元成長 9.15。其中，營運利潤為 12.08 億元，淨利為 6.14 億元，而上年同期的淨虧損 9.23 億元。\n\n作為 2012 年成立的公司，滴滴在 2023 年才首次實現年度淨利為正。今年上半年淨利持續向好業務方面，滴滴 2024 年第二季度中國出行總單量為 30.04 億單，較上年同期增長 12.3；國際業務總單量為 8.71 億單，較上年同期增長 39.1。中國旅遊及國際業務日均單量分別達 3,300 萬單957 萬單，持續創歷史新高。\n\n很顯然，從滴滴的業務表現可知，不管是國內還是國外的出行服務市場，仍處於快速成長狀態。\n\n除了滴滴，市場上還湧現許多新興企業，如美團曹操出行和蘿蔔快跑等。這些企業透過創新的商業模式和技術手段，積極參與共享出行市場。尤其是蘿蔔快跑，近期在全球佈局方面取得了顯著進展，計劃推出無人駕駛計程車服務。\n\n雖然麥肯錫的報告指出，Robotaxi 市場預計在未來幾年內以超過 75 的複合年增長率成長，到 2032 年市值可能達到 78.42 億美元，但特斯拉在這一領域的競爭並不輕鬆。\n\n3. 未見 Robotaxi 具體生產時間表技術細節監管合規資訊\n\n同時，市場也對特斯拉 Robotaxi 計畫缺乏具體的生產時間表和技術細節表示不滿。馬斯克僅透露 CyberCab 將於 2026 年開始生產，未能提供更多關於商業模式和監管合規的資訊。\n\n4. 電動車市場競爭加劇 特斯拉未見新電動車型 \n\n分析師指出，特斯拉的股價已包含對未來成長的高期望，但缺乏新車型的發布使得投資者感到失望。雖然 Model Y 和 Model 3 依然是全球最暢銷的電動車型，但都已經發布了超過五年時間，華爾街對特斯拉的未來前景持謹慎態度，尤其是在電動車市場競爭加劇的背景下。\n\n5. 買得起的車才是重點：未見面向家用市場入門車\n\n市場觀察家認為，特斯拉急需推出更現實的入門車型，以刺激銷售量。儘管馬斯克今年 7 月承諾，將繼續按計畫在明年發布新的入門車型，但此次發表會未能提供相關訊息，進一步加劇了市場的不安。投資人迫切希望看到成長放緩的特斯拉盡快發布計畫中的 2 萬美元入門車型 Model 2，為特斯拉帶來新的銷售成長推動力。\n\nCFRA 分析師 Garrett Nelson 表示：特斯拉近期產品路線圖缺乏細節，讓我們感到失望。\n\n在全球電動車市場降溫的情況下，特斯拉的成長潛力受到挑戰。馬斯克的自動駕駛和機器人願景雖吸引眼球，但投資人更希望看到短期內能推動銷售的實際產品。隨著市場對特斯拉未來的期待逐漸降低，華爾街對這家電動車巨頭的信心也逐漸減弱。\n\n馬斯克別畫餅了！\n\n儘管特斯拉的 Robotaxi 計畫展現了未來出行的潛力，華爾街的反應卻揭示了市場對馬斯克畫餅能力的審慎態度。投資者對特斯拉能否在激烈的市場競爭中脫穎而出實現盈利持保留態度。未來，特斯拉需要不僅在技術上取得突破，更需在商業模式的可持續性上贏得市場信任。                                             特斯拉 TSLAUS 萬眾矚目的 Robotaxi 終於揭開神秘面紗，一系列創新被視為馬斯克的交通行業革命，然而華爾街對這一切的反應卻顯得冷淡。  ["馬斯克", "自動駕駛", "robotaxi", "robovan", "滴滴", "Cyber​​cab"]  2024-10-12 13:00:02         美股雷達         831
3  5740896  https://news.cnyes.com/news/id/5740896              熱門股紘康將併入矽統 單周上漲14創波段高                                                                                                                                                                                                                                                                                                                                                                                                                                                                                                                                                                                                                                                                                                                                                                                                                                                                                                                                                                                                                                                                                                                                                                                                                                                                                                                                                                                                                                                                                                                                                                                                                                                                                                                                                                                                                                                                                                                                                                                                                                                                                                                MCU 業者紘康 6457TW 本周通過股東臨時會，與矽統 2363TW 進行股份轉換，預計 2025 年元旦正式併入矽統，在未來展望看佳與合併案順利通過下，本周股價也同慶，最高一度達 72.3 元，創下 10 個月來新高，單周漲幅 14.11。\n\n紘康董事長趙伯寅看好，併入矽統後的，可望加深與晶圓代工廠聯電 2303TW 的合作關係，加上提列庫存跌價損失告段落需求顯著回升，明年營收毛利率將同步向上。\n\n紘康本周沿五日線上攻，周三更爆大量，最高衝上 72.3 元，週五終場則因漲多回檔，收在 66.3 元，三大法人中外資與自營商皆站買方，外資買超 235 張自營商小買 15 張。  MCU 業者紘康 6457TW 本周通過股東臨時會，與矽統 2363TW 進行股份轉換，預計 2025 年元旦正式併入矽統，在未來展望看佳與合併案順利通過下，本周股價也同慶，最高一度達 72.3 元，創下 10 個月來新高，單周漲                         ["紘康", "矽統", "併購", "MCU", "電源管理IC"]  2024-10-12 12:50:02         台股新聞         827
4  5740882  https://news.cnyes.com/news/id/5740882         熱門股光通訊3尖兵9月營收個個強勁 周漲幅最高逾26                                                                                                                                                                                                                                                                                                                                                                                                                                                                                                                                                                                                                                                                                                                                                                                                                                                                                                                                                                                                                                                                                                                                                                                                                                                                                                                                                                                                                                                                                                                                                                             隨 AI 技術發展，矽光子技術能有效降低能耗，重要性日漸增加，帶動相關光通訊廠業績強勢，光聖 6442TW聯鈞 3450TW9 月營收雙雙創歷史紀錄，上詮 3363TW 營收也維持近期高檔，帶動本周股價表現亮眼，其中上詮周漲幅最高，達 26.4。\n\n聯鈞 9 月營收 7.97 億元，月增 21.2，年增 63.12，創下歷史新高；第三季營收約 20.9 億元，季增約 23年增約 49.2；累計前 9 月營收 50.91 億元，年增 28.53。\n\n聯鈞本周漲幅 8.9，股價最高來到 210.5 元，創歷史新高，11 日收盤價 207.5 元。聯鈞表示，受惠於客戶需求暢旺，挹注 9 月營收成長，旗下主動式光纜 AOC 產品，已獲美系雲端平台青睞，可望成公司成長動力。\n\n光聖 9 月營收 5.61 億元，創歷史次高，月增 5.3，年增 179；第三季營收 16.4 億元，創歷史新高，季增 13.8，年增 146；累計前 9 個月營收，營收 39.09 億元，年增 95.71。\n\n光聖本周漲幅 17.04，11 日收盤價為 422.5 元，成功站上所有均線。光聖受惠於光主動元件獲美系資料中心客戶青睞，被動產品自製比率提升至 7 成；轉投資公司合聖也開發出矽光子晶片所需製程設計套件，未來有望切入 AI GPU 系統數據中心次世代 CPO 交換機全光網路等領域。\n\n上詮 9 月營收 1.22 億元，月減 3.3年增 24.58；第 3 季營收 3.83 億元，登上八季來高點，季增 8.5，年增 16.8；累計前 9 個月達 10.04 億元，較去年同期成長 7.4。\n\n上詮本周漲幅達 26.4，11 日收盤價為 246 元，股價來到歷史高點。上詮主力為光纖和矽光子晶片連接器，且為台積電 2330TW 檯面上唯一光通訊夥伴，將跟隨台積電腳步推矽光子進度，產品預計於 2026 年放量。            隨 AI 技術發展，矽光子技術能有效降低能耗，重要性日漸增加，帶動相關光通訊廠業績強勢，光聖 6442TW聯鈞 3450TW9 月營收雙雙創歷史紀錄，上詮 3363TW 營收也維持近期高檔，帶動本周股價表現亮眼                      ["光聖", "聯鈞", "上詮", "矽光子", "CPO", "營收"]  2024-10-12 12:30:12         台股新聞         827
2024-10-31 17:04:26,914 - INFO - 基本统计信息:
              newsId                                     url                     title                                                                                                                                                                                                                                                                                                            content                       summary               keyword            publishAt categoryName  categoryId
count   1.200000e+02                                     120                       120                                                                                                                                                                                                                                                                                                                120                           106                   120                  120          120  120.000000
unique           NaN                                      74                        74                                                                                                                                                                                                                                                                                                                 75                            66                    74                   74           19         NaN
top              NaN  https://news.cnyes.com/news/id/5740905  熱門股聚鼎9月營收報喜 股價奔漲停創28個月新高  保護元件廠聚鼎 6224TW9 月營收報喜前 9 月營收重返成長軌道，周五股價直奔漲停 75.9 元，創 2022 年 7 月以來 28 個月新高，周漲 14。\n\n聚鼎 9 月營收 3.32 億元，月增 19.3年增 30.6，創歷史單月次高同期新高；累計前 9 月營收來到 21.64 億元，年增 1.2，由先前衰退轉為成長。\n\n據了解，聚鼎受惠元件產品出貨成長，今年以來營收表現逐步回升，加上美系客戶智慧手機新機上市，也推升公司 9 月營收大幅成長。\n\n此外，聚鼎轉投資的美國 TCLAD 產能瓶頸狀況改善虧損已明顯收斂，集團整合效益可望逐漸發酵，有助後續獲利表現。\n\n\n聚鼎日 K 線圖  熱門股聚鼎 9 月營收報喜 股價奔漲停創 28 個月新高  ["聚鼎", "保護元件", "營收"]  2024-10-12 13:25:37         台股新聞         NaN
freq             NaN                                       2                         2                                                                                                                                                                                                                                                                                                                  2                             2                     2                    2           39         NaN
mean    5.749954e+06                                     NaN                       NaN                                                                                                                                                                                                                                                                                                                NaN                           NaN                   NaN                  NaN          NaN  842.641667
std     9.192582e+03                                     NaN                       NaN                                                                                                                                                                                                                                                                                                                NaN                           NaN                   NaN                  NaN          NaN   27.304014
min     5.740125e+06                                     NaN                       NaN                                                                                                                                                                                                                                                                                                                NaN                           NaN                   NaN                  NaN          NaN  827.000000
25%     5.740866e+06                                     NaN                       NaN                                                                                                                                                                                                                                                                                                                NaN                           NaN                   NaN                  NaN          NaN  827.000000
50%     5.749665e+06                                     NaN                       NaN                                                                                                                                                                                                                                                                                                                NaN                           NaN                   NaN                  NaN          NaN  831.000000
75%     5.759136e+06                                     NaN                       NaN                                                                                                                                                                                                                                                                                                                NaN                           NaN                   NaN                  NaN          NaN  837.250000
max     5.759415e+06                                     NaN                       NaN                                                                                                                                                                                                                                                                                                                NaN                           NaN                   NaN                  NaN          NaN  917.000000
2024-10-31 17:04:28,873 - INFO - 图表已保存至 'output/DashBoard.png'
2024-10-31 17:04:41,959 - INFO - 数据分析完成，仪表板已更新
2024-10-31 17:04:41,959 - INFO - <END>
